<html>
<body>
<pre>
<h1>礦ision Build Log</h1>
<h2>Tool Versions:</h2>
IDE-Version: μVision V5.14.0.0
Copyright (C) 2015 ARM Ltd and ARM Germany GmbH. All rights reserved.
License Information: 111 11, 11, LIC=03C6R-KDG4B-TGC7T-RVCJZ-ZXPRG-4MU7W
 
Tool Versions:
Toolchain:       MDK-ARM Standard  Version: 5.14.0.0
Toolchain Path:  C:\Keil_v5\ARM\ARMCC\Bin
C Compiler:      Armcc.exe V5.05 update 1 (build 106)
Assembler:       Armasm.exe V5.05 update 1 (build 106)
Linker/Locator:  ArmLink.exe V5.05 update 1 (build 106)
Library Manager: ArmAr.exe V5.05 update 1 (build 106)
Hex Converter:   FromElf.exe V5.05 update 1 (build 106)
CPU DLL:         SARMCM3.DLL V5.14.0.0
Dialog DLL:      DCM.DLL V1.13.1.0
Target DLL:      STLink\ST-LINKIII-KEIL_SWO.dll V3.0.9.0
Dialog DLL:      TCM.DLL V1.14.4.0
 
<h2>Project:</h2>
C:\Users\22335\Desktop\新建文件夹\2.0 - 蓝牙\project.uvprojx
Project File Date:  08/21/2023

<h2>Output:</h2>
Rebuild target 'Target 1'
compiling core_cm3.c...
compiling system_stm32f10x.c...
assembling startup_stm32f10x_md.s...
compiling misc.c...
compiling stm32f10x_adc.c...
compiling stm32f10x_bkp.c...
compiling stm32f10x_can.c...
compiling stm32f10x_cec.c...
compiling stm32f10x_crc.c...
compiling stm32f10x_dac.c...
compiling stm32f10x_dbgmcu.c...
compiling stm32f10x_dma.c...
compiling stm32f10x_exti.c...
compiling stm32f10x_flash.c...
compiling stm32f10x_fsmc.c...
compiling stm32f10x_gpio.c...
compiling stm32f10x_i2c.c...
compiling stm32f10x_iwdg.c...
compiling stm32f10x_pwr.c...
compiling stm32f10x_rcc.c...
compiling stm32f10x_rtc.c...
compiling stm32f10x_sdio.c...
compiling stm32f10x_spi.c...
compiling stm32f10x_tim.c...
compiling stm32f10x_usart.c...
compiling stm32f10x_wwdg.c...
compiling delay.c...
compiling sys.c...
compiling usart3.c...
compiling usart.c...
compiling DataScope_DP.C...
compiling control.c...
compiling encoder.c...
compiling exti.c...
Hardware\exti.c(26): warning:  #1-D: last line of file ends without a newline
  }
Hardware\exti.c: 1 warning, 0 errors
compiling inv_mpu.c...
compiling inv_mpu_dmp_motion_driver.c...
compiling motor.c...
compiling mpu6050.c...
compiling mpuiic.c...
Hardware\mpuiic.c(48): warning:  #61-D: integer operation result is out of range
        MPU_SDA_IN();      //SDA设置为输入  
Hardware\mpuiic.c(48): warning:  #68-D: integer conversion resulted in a change of sign
        MPU_SDA_IN();      //SDA设置为输入  
Hardware\mpuiic.c(108): warning:  #61-D: integer operation result is out of range
        MPU_SDA_IN();//SDA设置为输入
Hardware\mpuiic.c(108): warning:  #68-D: integer conversion resulted in a change of sign
        MPU_SDA_IN();//SDA设置为输入
Hardware\mpuiic.c: 4 warnings, 0 errors
compiling oled.c...
compiling pwm.c...
Hardware\pwm.c(48): warning:  #1-D: last line of file ends without a newline
  }
Hardware\pwm.c: 1 warning, 0 errors
compiling main.c...
compiling stm32f10x_it.c...
linking...
Program Size: Code=28920 RO-data=5824 RW-data=240 ZI-data=1760  
FromELF: creating hex file...
".\Objects\project.axf" - 0 Error(s), 6 Warning(s).

<h2>Collection of Component include folders:</h2>
  C:\Users\22335\Desktop\新建文件夹\2.0 - 蓝牙\RTE
  C:\Users\22335\AppData\Local\Arm\Packs\Keil\STM32F1xx_DFP\1.0.5\Device\Include

<h2>Collection of Component Files used:</h2>
</pre>
</body>
</html>
